#-----------------------------------------------------------
# Vivado v2022.2 (64-bit)
# SW Build 3671981 on Fri Oct 14 04:59:54 MDT 2022
# IP Build 3669848 on Fri Oct 14 08:30:02 MDT 2022
# Start of session at: Tue Nov 22 17:26:15 2022
# Process ID: 32516
# Current directory: /home/andy/Documents/ece_520/fa22-ece520-final-project-alopez099/hardware/color_dector/color_dector.runs/synth_1
# Command line: vivado -log design_1_wrapper.vds -product Vivado -mode batch -messageDb vivado.pb -notrace -source design_1_wrapper.tcl
# Log file: /home/andy/Documents/ece_520/fa22-ece520-final-project-alopez099/hardware/color_dector/color_dector.runs/synth_1/design_1_wrapper.vds
# Journal file: /home/andy/Documents/ece_520/fa22-ece520-final-project-alopez099/hardware/color_dector/color_dector.runs/synth_1/vivado.jou
# Running On: andy-ROG-Zephyrus-G14-GA401QM-GA401QM, OS: Linux, CPU Frequency: 400.000 MHz, CPU Physical cores: 16, Host memory: 16147 MB
#-----------------------------------------------------------
source design_1_wrapper.tcl -notrace
